components/ArchiveTerminal.tsx(15,24): error TS6133: 'setCapabilities' is declared but its value is never read.
components/BrakeButton.tsx(34,23): error TS6133: 'borderColor' is declared but its value is never read.
components/CharacterSelectMenu.tsx(2,27): error TS6133: 'useEffect' is declared but its value is never read.
components/SettingsMenu.tsx(2,38): error TS6133: 'useRef' is declared but its value is never read.
components/SettingsMenu.tsx(122,37): error TS6133: 'unlockedCosmetics' is declared but its value is never read.
components/SnakeGame.tsx(22,22): error TS6133: 'CharacterProfile' is declared but its value is never read.
components/SnakeGame.tsx(22,40): error TS6133: 'Direction' is declared but its value is never read.
components/SnakeGame.tsx(22,51): error TS6133: 'Difficulty' is declared but its value is never read.
components/SnakeGame.tsx(74,11): error TS6133: 'analytics' is declared but its value is never read.
game/boss/definitions/SentinelBoss.ts(2,49): error TS6133: 'BossIntent' is declared but its value is never read.
game/boss/definitions/SpaceshipBoss.ts(2,38): error TS6133: 'HitboxDef' is declared but its value is never read.
game/boss/useBossController.ts(238,33): error TS6133: 'dt' is declared but its value is never read.
game/camera/projectToScreen.ts(3,1): error TS6133: 'CameraMode' is declared but its value is never read.
game/camera/types.ts(2,22): error TS6133: 'Point' is declared but its value is never read.
game/camera/useCameraController.ts(5,10): error TS6133: 'CANVAS_WIDTH' is declared but its value is never read.
game/camera/useCameraController.ts(5,24): error TS6133: 'CANVAS_HEIGHT' is declared but its value is never read.
game/camera/useCameraController.ts(5,39): error TS6133: 'GRID_COLS' is declared but its value is never read.
game/camera/useCameraController.ts(5,50): error TS6133: 'GRID_ROWS' is declared but its value is never read.
game/camera/useCameraController.ts(5,95): error TS6133: 'PLAY_AREA_HEIGHT' is declared but its value is never read.
game/enemies/enemyHelpers.ts(22,83): error TS6133: 'dt' is declared but its value is never read.
game/enemies/enemyHelpers.ts(38,85): error TS6133: 'dt' is declared but its value is never read.
game/gameUtils.ts(2,46): error TS6133: 'DEFAULT_SETTINGS' is declared but its value is never read.
game/hazards/useVoidHazard.ts(4,1): error TS6133: 'PHYSICS' is declared but its value is never read.
game/physics/useProjectilePhysics.ts(4,10): error TS6133: 'PHYSICS' is declared but its value is never read.
game/rendering/camera/projectInterpolated.ts(3,1): error TS6133: 'CameraMode' is declared but its value is never read.
game/rendering/camera/projectInterpolated.ts(4,1): error TS6133: 'DEFAULT_SETTINGS' is declared but its value is never read.
game/rendering/entities/renderBoss.ts(3,34): error TS6133: 'drawShadow' is declared but its value is never read.
game/rendering/entities/renderBoss.ts(9,5): error TS6133: 'gridSize' is declared but its value is never read.
game/rendering/entities/renderBoss.ts(10,5): error TS6133: 'halfGrid' is declared but its value is never read.
game/rendering/entities/renderEnemy.ts(175,5): error TS6133: 'halfGrid' is declared but its value is never read.
game/rendering/entities/renderEnemy.ts(181,9): error TS6133: 'color' is declared but its value is never read.
game/rendering/entities/renderEnemy.ts(270,19): error TS6133: 'offset' is declared but its value is never read.
game/rendering/entities/renderSnake.ts(5,10): error TS6133: 'drawSphere' is declared but its value is never read.
game/rendering/entities/renderSnake.ts(105,13): error TS6133: 'ix' is declared but its value is never read.
game/rendering/entities/renderSnake.ts(106,13): error TS6133: 'iy' is declared but its value is never read.
game/rendering/entities/renderSnakeFlux.ts(11,5): error TS6133: 'stats' is declared but its value is never read.
game/rendering/entities/renderSnakeFlux.ts(14,5): error TS6133: 'visualNsAngle' is declared but its value is never read.
game/rendering/entities/renderSnakeFlux2.ts(10,5): error TS6133: 'direction' is declared but its value is never read.
game/rendering/entities/renderSnakeFlux2.ts(11,5): error TS6133: 'stats' is declared but its value is never read.
game/rendering/entities/renderSnakeFlux2.ts(14,5): error TS6133: 'visualNsAngle' is declared but its value is never read.
game/rendering/entities/renderSnakeFlux2.ts(15,5): error TS6133: 'tailIntegrity' is declared but its value is never read.
game/rendering/entities/renderSnakeFlux3.ts(10,5): error TS6133: 'direction' is declared but its value is never read.
game/rendering/entities/renderSnakeFlux3.ts(11,5): error TS6133: 'stats' is declared but its value is never read.
game/rendering/entities/renderSnakeFlux3.ts(14,5): error TS6133: 'visualNsAngle' is declared but its value is never read.
game/rendering/entities/renderSnakeFlux3.ts(15,5): error TS6133: 'tailIntegrity' is declared but its value is never read.
game/rendering/entities/renderSnakeFlux4.ts(10,5): error TS6133: 'direction' is declared but its value is never read.
game/rendering/entities/renderSnakeFlux4.ts(11,5): error TS6133: 'stats' is declared but its value is never read.
game/rendering/entities/renderSnakeFlux4.ts(14,5): error TS6133: 'visualNsAngle' is declared but its value is never read.
game/rendering/entities/renderSnakeFlux4.ts(15,5): error TS6133: 'tailIntegrity' is declared but its value is never read.
game/rendering/entities/renderSnakeFlux5.ts(10,5): error TS6133: 'direction' is declared but its value is never read.
game/rendering/entities/renderSnakeFlux5.ts(11,5): error TS6133: 'stats' is declared but its value is never read.
game/rendering/entities/renderSnakeFlux5.ts(14,5): error TS6133: 'visualNsAngle' is declared but its value is never read.
game/rendering/entities/renderSnakeFlux5.ts(15,5): error TS6133: 'tailIntegrity' is declared but its value is never read.
game/rendering/entities/renderSnakeFlux6.ts(10,5): error TS6133: 'direction' is declared but its value is never read.
game/rendering/entities/renderSnakeFlux6.ts(11,5): error TS6133: 'stats' is declared but its value is never read.
game/rendering/entities/renderSnakeFlux6.ts(14,5): error TS6133: 'visualNsAngle' is declared but its value is never read.
game/rendering/entities/renderSnakeFlux6.ts(15,5): error TS6133: 'tailIntegrity' is declared but its value is never read.
game/rendering/entities/renderSnakeFlux6.ts(48,15): error TS6133: 'dist' is declared but its value is never read.
game/rendering/entities/renderSnakeGlitch.ts(10,5): error TS6133: 'direction' is declared but its value is never read.
game/rendering/entities/renderSnakeGlitch.ts(11,5): error TS6133: 'stats' is declared but its value is never read.
game/rendering/entities/renderSnakeGlitch.ts(14,5): error TS6133: 'visualNsAngle' is declared but its value is never read.
game/rendering/entities/renderSnakeGlitch.ts(15,5): error TS6133: 'tailIntegrity' is declared but its value is never read.
game/rendering/entities/renderSnakeGlitch.ts(18,38): error TS6133: 'now' is declared but its value is never read.
game/rendering/entities/renderSnakeGlitch2.ts(10,5): error TS6133: 'direction' is declared but its value is never read.
game/rendering/entities/renderSnakeGlitch2.ts(11,5): error TS6133: 'stats' is declared but its value is never read.
game/rendering/entities/renderSnakeGlitch2.ts(14,5): error TS6133: 'visualNsAngle' is declared but its value is never read.
game/rendering/entities/renderSnakeGlitch2.ts(15,5): error TS6133: 'tailIntegrity' is declared but its value is never read.
game/rendering/entities/renderSnakeGlitch2.ts(18,38): error TS6133: 'now' is declared but its value is never read.
game/rendering/entities/renderSnakeGlitch3.ts(10,5): error TS6133: 'direction' is declared but its value is never read.
game/rendering/entities/renderSnakeGlitch3.ts(11,5): error TS6133: 'stats' is declared but its value is never read.
game/rendering/entities/renderSnakeGlitch3.ts(14,5): error TS6133: 'visualNsAngle' is declared but its value is never read.
game/rendering/entities/renderSnakeGlitch3.ts(15,5): error TS6133: 'tailIntegrity' is declared but its value is never read.
game/rendering/entities/renderSnakeGlitch3.ts(18,38): error TS6133: 'now' is declared but its value is never read.
game/rendering/entities/renderSnakeGlitch4.ts(10,5): error TS6133: 'direction' is declared but its value is never read.
game/rendering/entities/renderSnakeGlitch4.ts(11,5): error TS6133: 'stats' is declared but its value is never read.
game/rendering/entities/renderSnakeGlitch4.ts(14,5): error TS6133: 'visualNsAngle' is declared but its value is never read.
game/rendering/entities/renderSnakeGlitch4.ts(15,5): error TS6133: 'tailIntegrity' is declared but its value is never read.
game/rendering/entities/renderSnakeGlitch4.ts(18,38): error TS6133: 'now' is declared but its value is never read.
game/rendering/entities/renderSnakeGlitch5.ts(10,5): error TS6133: 'direction' is declared but its value is never read.
game/rendering/entities/renderSnakeGlitch5.ts(11,5): error TS6133: 'stats' is declared but its value is never read.
game/rendering/entities/renderSnakeGlitch5.ts(14,5): error TS6133: 'visualNsAngle' is declared but its value is never read.
game/rendering/entities/renderSnakeGlitch5.ts(15,5): error TS6133: 'tailIntegrity' is declared but its value is never read.
game/rendering/entities/renderSnakeGlitch5.ts(18,38): error TS6133: 'now' is declared but its value is never read.
game/rendering/entities/renderSnakeGlitch6.ts(10,5): error TS6133: 'direction' is declared but its value is never read.
game/rendering/entities/renderSnakeGlitch6.ts(11,5): error TS6133: 'stats' is declared but its value is never read.
game/rendering/entities/renderSnakeGlitch6.ts(14,5): error TS6133: 'visualNsAngle' is declared but its value is never read.
game/rendering/entities/renderSnakeGlitch6.ts(15,5): error TS6133: 'tailIntegrity' is declared but its value is never read.
game/rendering/entities/renderSnakeGlitch6.ts(18,38): error TS6133: 'now' is declared but its value is never read.
game/rendering/entities/renderSnakeMech.ts(12,5): error TS6133: 'stats' is declared but its value is never read.
game/rendering/entities/renderSnakeMech.ts(15,5): error TS6133: 'visualNsAngle' is declared but its value is never read.
game/rendering/entities/renderSnakeMech.ts(17,5): error TS6133: 'phaseRailCharge' is declared but its value is never read.
game/rendering/entities/renderSnakeMech.ts(18,5): error TS6133: 'echoDamageStored' is declared but its value is never read.
game/rendering/entities/renderSnakeMech.ts(19,5): error TS6133: 'prismLanceTimer' is declared but its value is never read.
game/rendering/entities/renderSnakeMech.ts(121,23): error TS6133: 'offset' is declared but its value is never read.
game/rendering/entities/renderSnakeMech2.ts(12,5): error TS6133: 'stats' is declared but its value is never read.
game/rendering/entities/renderSnakeMech2.ts(15,5): error TS6133: 'visualNsAngle' is declared but its value is never read.
game/rendering/entities/renderSnakeMech2.ts(16,5): error TS6133: 'tailIntegrity' is declared but its value is never read.
game/rendering/entities/renderSnakeMech3.ts(11,5): error TS6133: 'stats' is declared but its value is never read.
game/rendering/entities/renderSnakeMech3.ts(14,5): error TS6133: 'visualNsAngle' is declared but its value is never read.
game/rendering/entities/renderSnakeMech3.ts(15,5): error TS6133: 'tailIntegrity' is declared but its value is never read.
game/rendering/entities/renderSnakeMech3.ts(18,38): error TS6133: 'now' is declared but its value is never read.
game/rendering/entities/renderSnakeMech4.ts(11,5): error TS6133: 'stats' is declared but its value is never read.
game/rendering/entities/renderSnakeMech4.ts(14,5): error TS6133: 'visualNsAngle' is declared but its value is never read.
game/rendering/entities/renderSnakeMech4.ts(15,5): error TS6133: 'tailIntegrity' is declared but its value is never read.
game/rendering/entities/renderSnakeMech5.ts(11,5): error TS6133: 'stats' is declared but its value is never read.
game/rendering/entities/renderSnakeMech5.ts(14,5): error TS6133: 'visualNsAngle' is declared but its value is never read.
game/rendering/entities/renderSnakeMech5.ts(18,38): error TS6133: 'now' is declared but its value is never read.
game/rendering/entities/renderSnakeMech5.ts(61,11): error TS6133: 'plateColor' is declared but its value is never read.
game/rendering/entities/renderSnakeMech6.ts(5,1): error TS6133: 'drawVolumetricThruster' is declared but its value is never read.
game/rendering/entities/renderSnakeMech6.ts(12,5): error TS6133: 'stats' is declared but its value is never read.
game/rendering/entities/renderSnakeMech6.ts(15,5): error TS6133: 'visualNsAngle' is declared but its value is never read.
game/rendering/entities/renderSnakeMinimal.ts(9,5): error TS6133: 'direction' is declared but its value is never read.
game/rendering/entities/renderSnakeMinimal.ts(10,5): error TS6133: 'stats' is declared but its value is never read.
game/rendering/entities/renderSnakeMinimal.ts(13,5): error TS6133: 'visualNsAngle' is declared but its value is never read.
game/rendering/entities/renderSnakeMinimal.ts(14,5): error TS6133: 'tailIntegrity' is declared but its value is never read.
game/rendering/entities/renderSnakeMinimal2.ts(10,5): error TS6133: 'direction' is declared but its value is never read.
game/rendering/entities/renderSnakeMinimal2.ts(11,5): error TS6133: 'stats' is declared but its value is never read.
game/rendering/entities/renderSnakeMinimal2.ts(14,5): error TS6133: 'visualNsAngle' is declared but its value is never read.
game/rendering/entities/renderSnakeMinimal2.ts(15,5): error TS6133: 'tailIntegrity' is declared but its value is never read.
game/rendering/entities/renderSnakeMinimal3.ts(10,5): error TS6133: 'direction' is declared but its value is never read.
game/rendering/entities/renderSnakeMinimal3.ts(11,5): error TS6133: 'stats' is declared but its value is never read.
game/rendering/entities/renderSnakeMinimal3.ts(14,5): error TS6133: 'visualNsAngle' is declared but its value is never read.
game/rendering/entities/renderSnakeMinimal3.ts(15,5): error TS6133: 'tailIntegrity' is declared but its value is never read.
game/rendering/entities/renderSnakeMinimal4.ts(11,5): error TS6133: 'stats' is declared but its value is never read.
game/rendering/entities/renderSnakeMinimal4.ts(14,5): error TS6133: 'visualNsAngle' is declared but its value is never read.
game/rendering/entities/renderSnakeMinimal4.ts(15,5): error TS6133: 'tailIntegrity' is declared but its value is never read.
game/rendering/entities/renderSnakeMinimal4.ts(18,38): error TS6133: 'now' is declared but its value is never read.
game/rendering/entities/renderSnakeMinimal5.ts(11,5): error TS6133: 'stats' is declared but its value is never read.
game/rendering/entities/renderSnakeMinimal5.ts(14,5): error TS6133: 'visualNsAngle' is declared but its value is never read.
game/rendering/entities/renderSnakeMinimal5.ts(15,5): error TS6133: 'tailIntegrity' is declared but its value is never read.
game/rendering/entities/renderSnakeMinimal5.ts(18,38): error TS6133: 'now' is declared but its value is never read.
game/rendering/entities/renderSnakeMinimal6.ts(11,5): error TS6133: 'stats' is declared but its value is never read.
game/rendering/entities/renderSnakeMinimal6.ts(14,5): error TS6133: 'visualNsAngle' is declared but its value is never read.
game/rendering/entities/renderSnakeMinimal6.ts(15,5): error TS6133: 'tailIntegrity' is declared but its value is never read.
game/rendering/entities/renderSnakeNeon.ts(9,5): error TS6133: 'direction' is declared but its value is never read.
game/rendering/entities/renderSnakeNeon.ts(10,5): error TS6133: 'stats' is declared but its value is never read.
game/rendering/entities/renderSnakeNeon.ts(13,5): error TS6133: 'visualNsAngle' is declared but its value is never read.
game/rendering/entities/renderSnakeNeon.ts(14,5): error TS6133: 'tailIntegrity' is declared but its value is never read.
game/rendering/entities/renderSnakeNeon.ts(17,38): error TS6133: 'now' is declared but its value is never read.
game/rendering/entities/renderSnakeNeon2.ts(11,5): error TS6133: 'stats' is declared but its value is never read.
game/rendering/entities/renderSnakeNeon2.ts(14,5): error TS6133: 'visualNsAngle' is declared but its value is never read.
game/rendering/entities/renderSnakeNeon2.ts(15,5): error TS6133: 'tailIntegrity' is declared but its value is never read.
game/rendering/entities/renderSnakeNeon2.ts(18,38): error TS6133: 'now' is declared but its value is never read.
game/rendering/entities/renderSnakeNeon3.ts(10,5): error TS6133: 'direction' is declared but its value is never read.
game/rendering/entities/renderSnakeNeon3.ts(11,5): error TS6133: 'stats' is declared but its value is never read.
game/rendering/entities/renderSnakeNeon3.ts(14,5): error TS6133: 'visualNsAngle' is declared but its value is never read.
game/rendering/entities/renderSnakeNeon3.ts(15,5): error TS6133: 'tailIntegrity' is declared but its value is never read.
game/rendering/entities/renderSnakeNeon3.ts(18,38): error TS6133: 'now' is declared but its value is never read.
game/rendering/entities/renderSnakeNeon4.ts(10,5): error TS6133: 'direction' is declared but its value is never read.
game/rendering/entities/renderSnakeNeon4.ts(11,5): error TS6133: 'stats' is declared but its value is never read.
game/rendering/entities/renderSnakeNeon4.ts(14,5): error TS6133: 'visualNsAngle' is declared but its value is never read.
game/rendering/entities/renderSnakeNeon4.ts(15,5): error TS6133: 'tailIntegrity' is declared but its value is never read.
game/rendering/entities/renderSnakeNeon5.ts(11,5): error TS6133: 'stats' is declared but its value is never read.
game/rendering/entities/renderSnakeNeon5.ts(14,5): error TS6133: 'visualNsAngle' is declared but its value is never read.
game/rendering/entities/renderSnakeNeon5.ts(15,5): error TS6133: 'tailIntegrity' is declared but its value is never read.
game/rendering/entities/renderSnakeNeon5.ts(18,38): error TS6133: 'now' is declared but its value is never read.
game/rendering/entities/renderSnakeNeon6.ts(10,5): error TS6133: 'direction' is declared but its value is never read.
game/rendering/entities/renderSnakeNeon6.ts(11,5): error TS6133: 'stats' is declared but its value is never read.
game/rendering/entities/renderSnakeNeon6.ts(14,5): error TS6133: 'visualNsAngle' is declared but its value is never read.
game/rendering/entities/renderSnakeNeon6.ts(15,5): error TS6133: 'tailIntegrity' is declared but its value is never read.
game/rendering/entities/renderSnakeNeon6.ts(18,38): error TS6133: 'now' is declared but its value is never read.
game/rendering/entities/renderSnakeNeon6.ts(37,11): error TS6133: 'charColor' is declared but its value is never read.
game/rendering/entities/renderSnakeOrganic.ts(10,5): error TS6133: 'direction' is declared but its value is never read.
game/rendering/entities/renderSnakeOrganic.ts(11,5): error TS6133: 'stats' is declared but its value is never read.
game/rendering/entities/renderSnakeOrganic.ts(14,5): error TS6133: 'visualNsAngle' is declared but its value is never read.
game/rendering/entities/renderSnakeOrganic.ts(15,5): error TS6133: 'tailIntegrity' is declared but its value is never read.
game/rendering/entities/renderSnakeOrganic2.ts(11,5): error TS6133: 'stats' is declared but its value is never read.
game/rendering/entities/renderSnakeOrganic2.ts(14,5): error TS6133: 'visualNsAngle' is declared but its value is never read.
game/rendering/entities/renderSnakeOrganic2.ts(15,5): error TS6133: 'tailIntegrity' is declared but its value is never read.
game/rendering/entities/renderSnakeOrganic3.ts(10,5): error TS6133: 'direction' is declared but its value is never read.
game/rendering/entities/renderSnakeOrganic3.ts(11,5): error TS6133: 'stats' is declared but its value is never read.
game/rendering/entities/renderSnakeOrganic3.ts(14,5): error TS6133: 'visualNsAngle' is declared but its value is never read.
game/rendering/entities/renderSnakeOrganic3.ts(15,5): error TS6133: 'tailIntegrity' is declared but its value is never read.
game/rendering/entities/renderSnakeOrganic3.ts(19,11): error TS6133: 'charColor' is declared but its value is never read.
game/rendering/entities/renderSnakeOrganic4.ts(10,5): error TS6133: 'direction' is declared but its value is never read.
game/rendering/entities/renderSnakeOrganic4.ts(11,5): error TS6133: 'stats' is declared but its value is never read.
game/rendering/entities/renderSnakeOrganic4.ts(14,5): error TS6133: 'visualNsAngle' is declared but its value is never read.
game/rendering/entities/renderSnakeOrganic4.ts(15,5): error TS6133: 'tailIntegrity' is declared but its value is never read.
game/rendering/entities/renderSnakeOrganic4.ts(18,38): error TS6133: 'now' is declared but its value is never read.
game/rendering/entities/renderSnakeOrganic4.ts(19,11): error TS6133: 'charColor' is declared but its value is never read.
game/rendering/entities/renderSnakeOrganic5.ts(11,5): error TS6133: 'stats' is declared but its value is never read.
game/rendering/entities/renderSnakeOrganic5.ts(14,5): error TS6133: 'visualNsAngle' is declared but its value is never read.
game/rendering/entities/renderSnakeOrganic5.ts(15,5): error TS6133: 'tailIntegrity' is declared but its value is never read.
game/rendering/entities/renderSnakeOrganic5.ts(18,38): error TS6133: 'now' is declared but its value is never read.
game/rendering/entities/renderSnakeOrganic5.ts(52,15): error TS6133: 'xc' is declared but its value is never read.
game/rendering/entities/renderSnakeOrganic6.ts(10,5): error TS6133: 'direction' is declared but its value is never read.
game/rendering/entities/renderSnakeOrganic6.ts(11,5): error TS6133: 'stats' is declared but its value is never read.
game/rendering/entities/renderSnakeOrganic6.ts(14,5): error TS6133: 'visualNsAngle' is declared but its value is never read.
game/rendering/entities/renderSnakeOrganic6.ts(15,5): error TS6133: 'tailIntegrity' is declared but its value is never read.
game/rendering/entities/renderSnakeOrganic6.ts(19,11): error TS6133: 'charColor' is declared but its value is never read.
game/rendering/entities/renderSnakePixel.ts(10,5): error TS6133: 'stats' is declared but its value is never read.
game/rendering/entities/renderSnakePixel.ts(13,5): error TS6133: 'visualNsAngle' is declared but its value is never read.
game/rendering/entities/renderSnakePixel.ts(14,5): error TS6133: 'tailIntegrity' is declared but its value is never read.
game/rendering/entities/renderSnakePixel.ts(17,28): error TS6133: 'halfGrid' is declared but its value is never read.
game/rendering/entities/renderSnakePixel.ts(17,38): error TS6133: 'now' is declared but its value is never read.
game/rendering/entities/renderSnakePixel2.ts(10,5): error TS6133: 'direction' is declared but its value is never read.
game/rendering/entities/renderSnakePixel2.ts(11,5): error TS6133: 'stats' is declared but its value is never read.
game/rendering/entities/renderSnakePixel2.ts(14,5): error TS6133: 'visualNsAngle' is declared but its value is never read.
game/rendering/entities/renderSnakePixel2.ts(15,5): error TS6133: 'tailIntegrity' is declared but its value is never read.
game/rendering/entities/renderSnakePixel2.ts(18,38): error TS6133: 'now' is declared but its value is never read.
game/rendering/entities/renderSnakePixel3.ts(10,5): error TS6133: 'direction' is declared but its value is never read.
game/rendering/entities/renderSnakePixel3.ts(11,5): error TS6133: 'stats' is declared but its value is never read.
game/rendering/entities/renderSnakePixel3.ts(14,5): error TS6133: 'visualNsAngle' is declared but its value is never read.
game/rendering/entities/renderSnakePixel3.ts(15,5): error TS6133: 'tailIntegrity' is declared but its value is never read.
game/rendering/entities/renderSnakePixel3.ts(18,38): error TS6133: 'now' is declared but its value is never read.
game/rendering/entities/renderSnakePixel4.ts(10,5): error TS6133: 'direction' is declared but its value is never read.
game/rendering/entities/renderSnakePixel4.ts(11,5): error TS6133: 'stats' is declared but its value is never read.
game/rendering/entities/renderSnakePixel4.ts(14,5): error TS6133: 'visualNsAngle' is declared but its value is never read.
game/rendering/entities/renderSnakePixel4.ts(15,5): error TS6133: 'tailIntegrity' is declared but its value is never read.
game/rendering/entities/renderSnakePixel5.ts(10,5): error TS6133: 'direction' is declared but its value is never read.
game/rendering/entities/renderSnakePixel5.ts(11,5): error TS6133: 'stats' is declared but its value is never read.
game/rendering/entities/renderSnakePixel5.ts(14,5): error TS6133: 'visualNsAngle' is declared but its value is never read.
game/rendering/entities/renderSnakePixel5.ts(15,5): error TS6133: 'tailIntegrity' is declared but its value is never read.
game/rendering/entities/renderSnakePixel6.ts(10,5): error TS6133: 'direction' is declared but its value is never read.
game/rendering/entities/renderSnakePixel6.ts(11,5): error TS6133: 'stats' is declared but its value is never read.
game/rendering/entities/renderSnakePixel6.ts(14,5): error TS6133: 'visualNsAngle' is declared but its value is never read.
game/rendering/entities/renderSnakePixel6.ts(15,5): error TS6133: 'tailIntegrity' is declared but its value is never read.
game/rendering/entities/renderSnakeProtocol.ts(11,5): error TS6133: 'stats' is declared but its value is never read.
game/rendering/entities/renderSnakeProtocol.ts(14,5): error TS6133: 'visualNsAngle' is declared but its value is never read.
game/rendering/entities/renderSnakeProtocol2.ts(11,5): error TS6133: 'direction' is declared but its value is never read.
game/rendering/entities/renderSnakeProtocol2.ts(12,5): error TS6133: 'stats' is declared but its value is never read.
game/rendering/entities/renderSnakeProtocol2.ts(15,5): error TS6133: 'visualNsAngle' is declared but its value is never read.
game/rendering/entities/renderSnakeProtocol2.ts(16,5): error TS6133: 'tailIntegrity' is declared but its value is never read.
game/rendering/entities/renderSnakeProtocol3.ts(10,5): error TS6133: 'direction' is declared but its value is never read.
game/rendering/entities/renderSnakeProtocol3.ts(11,5): error TS6133: 'stats' is declared but its value is never read.
game/rendering/entities/renderSnakeProtocol3.ts(14,5): error TS6133: 'visualNsAngle' is declared but its value is never read.
game/rendering/entities/renderSnakeProtocol3.ts(15,5): error TS6133: 'tailIntegrity' is declared but its value is never read.
game/rendering/entities/renderSnakeProtocol4.ts(4,1): error TS6133: 'COLORS' is declared but its value is never read.
game/rendering/entities/renderSnakeProtocol4.ts(10,5): error TS6133: 'direction' is declared but its value is never read.
game/rendering/entities/renderSnakeProtocol4.ts(11,5): error TS6133: 'stats' is declared but its value is never read.
game/rendering/entities/renderSnakeProtocol4.ts(12,5): error TS6133: 'charProfile' is declared but its value is never read.
game/rendering/entities/renderSnakeProtocol4.ts(14,5): error TS6133: 'visualNsAngle' is declared but its value is never read.
game/rendering/entities/renderSnakeProtocol4.ts(15,5): error TS6133: 'tailIntegrity' is declared but its value is never read.
game/rendering/entities/renderSnakeProtocol5.ts(4,1): error TS6133: 'COLORS' is declared but its value is never read.
game/rendering/entities/renderSnakeProtocol5.ts(10,5): error TS6133: 'direction' is declared but its value is never read.
game/rendering/entities/renderSnakeProtocol5.ts(11,5): error TS6133: 'stats' is declared but its value is never read.
game/rendering/entities/renderSnakeProtocol5.ts(12,5): error TS6133: 'charProfile' is declared but its value is never read.
game/rendering/entities/renderSnakeProtocol5.ts(14,5): error TS6133: 'visualNsAngle' is declared but its value is never read.
game/rendering/entities/renderSnakeProtocol5.ts(15,5): error TS6133: 'tailIntegrity' is declared but its value is never read.
game/rendering/entities/renderSnakeProtocol6.ts(4,1): error TS6133: 'COLORS' is declared but its value is never read.
game/rendering/entities/renderSnakeProtocol6.ts(10,5): error TS6133: 'direction' is declared but its value is never read.
game/rendering/entities/renderSnakeProtocol6.ts(11,5): error TS6133: 'stats' is declared but its value is never read.
game/rendering/entities/renderSnakeProtocol6.ts(12,5): error TS6133: 'charProfile' is declared but its value is never read.
game/rendering/entities/renderSnakeProtocol6.ts(14,5): error TS6133: 'visualNsAngle' is declared but its value is never read.
game/rendering/entities/renderSnakeProtocol6.ts(15,5): error TS6133: 'tailIntegrity' is declared but its value is never read.
game/rendering/entities/renderSnakeSystem.ts(11,5): error TS6133: 'stats' is declared but its value is never read.
game/rendering/entities/renderSnakeSystem.ts(14,5): error TS6133: 'visualNsAngle' is declared but its value is never read.
game/rendering/entities/renderSnakeSystem2.ts(10,5): error TS6133: 'direction' is declared but its value is never read.
game/rendering/entities/renderSnakeSystem2.ts(11,5): error TS6133: 'stats' is declared but its value is never read.
game/rendering/entities/renderSnakeSystem2.ts(14,5): error TS6133: 'visualNsAngle' is declared but its value is never read.
game/rendering/entities/renderSnakeSystem2.ts(15,5): error TS6133: 'tailIntegrity' is declared but its value is never read.
game/rendering/entities/renderSnakeSystem3.ts(10,5): error TS6133: 'direction' is declared but its value is never read.
game/rendering/entities/renderSnakeSystem3.ts(11,5): error TS6133: 'stats' is declared but its value is never read.
game/rendering/entities/renderSnakeSystem3.ts(14,5): error TS6133: 'visualNsAngle' is declared but its value is never read.
game/rendering/entities/renderSnakeSystem3.ts(15,5): error TS6133: 'tailIntegrity' is declared but its value is never read.
game/rendering/entities/renderSnakeSystem3.ts(18,38): error TS6133: 'now' is declared but its value is never read.
game/rendering/entities/renderSnakeSystem3.ts(48,15): error TS6133: 'p1' is declared but its value is never read.
game/rendering/entities/renderSnakeSystem4.ts(4,1): error TS6133: 'COLORS' is declared but its value is never read.
game/rendering/entities/renderSnakeSystem4.ts(10,5): error TS6133: 'direction' is declared but its value is never read.
game/rendering/entities/renderSnakeSystem4.ts(11,5): error TS6133: 'stats' is declared but its value is never read.
game/rendering/entities/renderSnakeSystem4.ts(12,5): error TS6133: 'charProfile' is declared but its value is never read.
game/rendering/entities/renderSnakeSystem4.ts(14,5): error TS6133: 'visualNsAngle' is declared but its value is never read.
game/rendering/entities/renderSnakeSystem4.ts(15,5): error TS6133: 'tailIntegrity' is declared but its value is never read.
game/rendering/entities/renderSnakeSystem4.ts(18,38): error TS6133: 'now' is declared but its value is never read.
game/rendering/entities/renderSnakeSystem5.ts(10,5): error TS6133: 'direction' is declared but its value is never read.
game/rendering/entities/renderSnakeSystem5.ts(11,5): error TS6133: 'stats' is declared but its value is never read.
game/rendering/entities/renderSnakeSystem5.ts(14,5): error TS6133: 'visualNsAngle' is declared but its value is never read.
game/rendering/entities/renderSnakeSystem5.ts(15,5): error TS6133: 'tailIntegrity' is declared but its value is never read.
game/rendering/entities/renderSnakeSystem5.ts(18,38): error TS6133: 'now' is declared but its value is never read.
game/rendering/entities/renderSnakeSystem6.ts(4,1): error TS6133: 'COLORS' is declared but its value is never read.
game/rendering/entities/renderSnakeSystem6.ts(10,5): error TS6133: 'direction' is declared but its value is never read.
game/rendering/entities/renderSnakeSystem6.ts(11,5): error TS6133: 'stats' is declared but its value is never read.
game/rendering/entities/renderSnakeSystem6.ts(12,5): error TS6133: 'charProfile' is declared but its value is never read.
game/rendering/entities/renderSnakeSystem6.ts(14,5): error TS6133: 'visualNsAngle' is declared but its value is never read.
game/rendering/entities/renderSnakeSystem6.ts(15,5): error TS6133: 'tailIntegrity' is declared but its value is never read.
game/rendering/entities/renderSpaceship.ts(9,5): error TS6133: 'halfGrid' is declared but its value is never read.
game/rendering/entities/renderWarden.ts(9,5): error TS6133: 'gridSize' is declared but its value is never read.
game/rendering/entities/types.ts(2,22): error TS6133: 'Point' is declared but its value is never read.
game/rendering/entities/types.ts(2,35): error TS2307: Cannot find module '../../types' or its corresponding type declarations.
game/rendering/floor/FloorRenderer.ts(7,51): error TS6133: 'now' is declared but its value is never read.
game/rendering/floor/FloorRenderer.ts(18,11): error TS6133: 'floorY' is declared but its value is never read.
game/rendering/passes/renderBackground.ts(3,1): error TS6133: 'CameraMode' is declared but its value is never read.
game/rendering/passes/renderDebug.ts(4,1): error TS6133: 'DEFAULT_SETTINGS' is declared but its value is never read.
game/rendering/passes/renderEntities.ts(4,18): error TS6133: 'DEFAULT_SETTINGS' is declared but its value is never read.
game/rendering/passes/renderEntities.ts(28,5): error TS6133: 'powerUps' is declared but its value is never read.
game/rendering/passes/renderEntities.ts(178,24): error TS2454: Variable 'req' is used before being assigned.
game/rendering/passes/renderEntities.ts(211,15): error TS6133: 'rangePx' is declared but its value is never read.
game/rendering/passes/renderEnvironment.ts(5,27): error TS6133: 'drawShadow' is declared but its value is never read.
game/rendering/passes/renderEnvironment.ts(5,54): error TS6133: 'drawVolumetricThruster' is declared but its value is never read.
game/rendering/passes/renderFX.ts(95,15): error TS6133: 'scale' is declared but its value is never read.
game/rendering/primitives.ts(6,1): error TS6133: 'CameraState' is declared but its value is never read.
game/rendering/renderFrame.ts(4,44): error TS6133: 'PLAY_AREA_HEIGHT' is declared but its value is never read.
game/rendering/renderFrame.ts(4,62): error TS6133: 'COLORS' is declared but its value is never read.
game/state/useCameraState.ts(55,39): error TS6133: 'dt' is declared but its value is never read.
game/state/usePlayerState.ts(6,18): error TS6133: 'useEffect' is declared but its value is never read.
game/state/useUIState.ts(6,33): error TS6133: 'useRef' is declared but its value is never read.
game/traitResolver.ts(62,65): error TS6133: 'level' is declared but its value is never read.
game/useAnalytics.ts(7,43): error TS6133: 'startTimeRef' is declared but its value is never read.
game/useCollisions.ts(24,3): error TS6133: 'spawner' is declared but its value is never read.
game/useCollisions.ts(112,35): error TS6133: 'amount' is declared but its value is never read.
game/useCombat.ts(7,28): error TS6133: 'Projectile' is declared but its value is never read.
game/useCombat.ts(7,40): error TS6133: 'Difficulty' is declared but its value is never read.
game/useCombat.ts(7,52): error TS6133: 'Direction' is declared but its value is never read.
game/useCombat.ts(11,3): error TS6133: 'CANVAS_WIDTH' is declared but its value is never read.
game/useCombat.ts(12,3): error TS6133: 'CANVAS_HEIGHT' is declared but its value is never read.
game/useCombat.ts(14,3): error TS6133: 'GRID_COLS' is declared but its value is never read.
game/useCombat.ts(15,3): error TS6133: 'GRID_ROWS' is declared but its value is never read.
game/useCombat.ts(16,3): error TS6133: 'PROJECTILE_SPEED' is declared but its value is never read.
game/useCombat.ts(48,5): error TS6133: 'powerUpsRef' is declared but its value is never read.
game/useFX.ts(42,9): error TS6133: 'translationRef' is declared but its value is never read.
game/useFX.ts(43,9): error TS6133: 'velocityRef' is declared but its value is never read.
game/useFX.ts(53,40): error TS6133: 'dt' is declared but its value is never read.
game/useGameLoop.ts(20,9): error TS6133: 'transitions' is declared but its value is never read.
game/useGameState.ts(9,42): error TS6133: 'Point' is declared but its value is never read.
game/useGameState.ts(10,1): error TS6133: 'DEFAULT_SETTINGS' is declared but its value is never read.
game/useInput.ts(5,1): error TS6133: 'useTransitions' is declared but its value is never read.
game/useInput.ts(8,1): error TS6133: 'CameraBehavior' is declared but its value is never read.
game/useMovement.ts(9,3): error TS6133: 'Difficulty' is declared but its value is never read.
game/useMovement.ts(29,3): error TS6133: 'spawner' is declared but its value is never read.
game/useProgression.ts(5,10): error TS6133: 'XP_TO_LEVEL_UP' is declared but its value is never read.
game/useProgression.ts(5,63): error TS6133: 'DIFFICULTY_CONFIGS' is declared but its value is never read.
game/useProgression.ts(81,5): error TS6133: 'uiXp' is declared but its value is never read.
game/useProgression.ts(86,5): error TS6133: 'unlockCosmetic' is declared but its value is never read.
game/useProgression.ts(87,5): error TS6133: 'addNeonFragments' is declared but its value is never read.
game/useProgression.ts(217,47): error TS6133: 'byMagnet' is declared but its value is never read.
game/useProgression.ts(273,25): error TS6133: 'file' is declared but its value is never read.
game/useRendering.ts(12,29): error TS6133: 'alpha' is declared but its value is never read.
game/useStageController.ts(16,7): error TS6133: 'READY_MIN_TIME' is declared but its value is never read.
ui/cosmetics/UnlockSummary.tsx(4,1): error TS6133: 'UserSettings' is declared but its value is never read.
ui/devtools/DevTools.tsx(9,85): error TS6133: 'TerminalType' is declared but its value is never read.
ui/devtools/DevTools.tsx(46,12): error TS6133: 'forceUpdate' is declared but its value is never read.
ui/devtools/DevTools.tsx(49,39): error TS6133: 'x' is declared but its value is never read.
ui/devtools/DevTools.tsx(49,42): error TS6133: 'y' is declared but its value is never read.
ui/devtools/DevTools.tsx(50,11): error TS6133: 'fx' is declared but its value is never read.
ui/devtools/DevTools.tsx(51,11): error TS6133: 'progression' is declared but its value is never read.
ui/hud/layouts/Arcade2Layout.tsx(4,10): error TS6133: 'HUD_TOP_HEIGHT' is declared but its value is never read.
ui/hud/layouts/Arcade2Layout.tsx(4,26): error TS6133: 'HUD_BOTTOM_HEIGHT' is declared but its value is never read.
ui/hud/layouts/Arcade2Layout.tsx(13,69): error TS6133: 'config' is declared but its value is never read.
ui/hud/layouts/Arcade3Layout.tsx(4,10): error TS6133: 'HUD_TOP_HEIGHT' is declared but its value is never read.
ui/hud/layouts/Arcade3Layout.tsx(4,26): error TS6133: 'HUD_BOTTOM_HEIGHT' is declared but its value is never read.
ui/hud/layouts/Arcade3Layout.tsx(13,69): error TS6133: 'config' is declared but its value is never read.
ui/hud/layouts/Arcade4Layout.tsx(4,10): error TS6133: 'HUD_TOP_HEIGHT' is declared but its value is never read.
ui/hud/layouts/Arcade4Layout.tsx(4,26): error TS6133: 'HUD_BOTTOM_HEIGHT' is declared but its value is never read.
ui/hud/layouts/Arcade4Layout.tsx(13,69): error TS6133: 'config' is declared but its value is never read.
ui/hud/layouts/Arcade4Layout.tsx(64,51): error TS6133: 'i' is declared but its value is never read.
ui/hud/layouts/Arcade5Layout.tsx(4,10): error TS6133: 'HUD_TOP_HEIGHT' is declared but its value is never read.
ui/hud/layouts/Arcade5Layout.tsx(4,26): error TS6133: 'HUD_BOTTOM_HEIGHT' is declared but its value is never read.
ui/hud/layouts/Arcade5Layout.tsx(13,69): error TS6133: 'config' is declared but its value is never read.
ui/hud/layouts/Arcade6Layout.tsx(4,10): error TS6133: 'HUD_TOP_HEIGHT' is declared but its value is never read.
ui/hud/layouts/Arcade6Layout.tsx(4,26): error TS6133: 'HUD_BOTTOM_HEIGHT' is declared but its value is never read.
ui/hud/layouts/Arcade6Layout.tsx(13,69): error TS6133: 'config' is declared but its value is never read.
ui/hud/layouts/Arcade7Layout.tsx(13,69): error TS6133: 'config' is declared but its value is never read.
ui/hud/layouts/Arcade7Layout.tsx(69,51): error TS6133: 'i' is declared but its value is never read.
ui/hud/layouts/ArcadeLayout.tsx(13,67): error TS6133: 'config' is declared but its value is never read.
ui/hud/layouts/ArcadeLayout.tsx(15,9): error TS6133: 'C_PINK' is declared but its value is never read.
ui/hud/layouts/ArcadeLayout.tsx(16,9): error TS6133: 'C_CYAN' is declared but its value is never read.
ui/hud/layouts/ArcadeLayout.tsx(17,9): error TS6133: 'C_YELLOW' is declared but its value is never read.
ui/hud/layouts/ArcadeLayout.tsx(18,9): error TS6133: 'C_RED' is declared but its value is never read.
ui/hud/layouts/Cyber2Layout.tsx(82,67): error TS6133: 'config' is declared but its value is never read.
ui/hud/layouts/Cyber3Layout.tsx(4,1): error TS6133: 'HUDTooltip' is declared but its value is never read.
ui/hud/layouts/Cyber3Layout.tsx(5,10): error TS6133: 'HUD_TOP_HEIGHT' is declared but its value is never read.
ui/hud/layouts/Cyber3Layout.tsx(5,26): error TS6133: 'HUD_BOTTOM_HEIGHT' is declared but its value is never read.
ui/hud/layouts/Cyber3Layout.tsx(14,67): error TS6133: 'config' is declared but its value is never read.
ui/hud/layouts/Cyber3Layout.tsx(15,9): error TS6133: 'SynapseLine' is declared but its value is never read.
ui/hud/layouts/Cyber3Layout.tsx(85,47): error TS6133: 'i' is declared but its value is never read.
ui/hud/layouts/Cyber4Layout.tsx(14,67): error TS6133: 'config' is declared but its value is never read.
ui/hud/layouts/Cyber5Layout.tsx(14,67): error TS6133: 'config' is declared but its value is never read.
ui/hud/layouts/Cyber5Layout.tsx(89,51): error TS6133: 'i' is declared but its value is never read.
ui/hud/layouts/Cyber6Layout.tsx(5,10): error TS6133: 'HUD_TOP_HEIGHT' is declared but its value is never read.
ui/hud/layouts/Cyber6Layout.tsx(5,26): error TS6133: 'HUD_BOTTOM_HEIGHT' is declared but its value is never read.
ui/hud/layouts/Cyber6Layout.tsx(14,67): error TS6133: 'config' is declared but its value is never read.
ui/hud/layouts/Cyber6Layout.tsx(106,51): error TS6133: 'i' is declared but its value is never read.
ui/hud/layouts/Cyber7Layout.tsx(14,67): error TS6133: 'config' is declared but its value is never read.
ui/hud/layouts/Cyber7Layout.tsx(15,9): error TS6133: 'BORDER_COLOR' is declared but its value is never read.
ui/hud/layouts/CyberLayout.tsx(4,10): error TS6133: 'HUDBar' is declared but its value is never read.
ui/hud/layouts/CyberLayout.tsx(6,10): error TS6133: 'HUD_TOP_HEIGHT' is declared but its value is never read.
ui/hud/layouts/CyberLayout.tsx(67,65): error TS6133: 'config' is declared but its value is never read.
ui/hud/layouts/CyberLayout.tsx(68,9): error TS6133: 'style' is declared but its value is never read.
ui/hud/layouts/Glass2Layout.tsx(5,10): error TS6133: 'HUD_TOP_HEIGHT' is declared but its value is never read.
ui/hud/layouts/Glass2Layout.tsx(5,26): error TS6133: 'HUD_BOTTOM_HEIGHT' is declared but its value is never read.
ui/hud/layouts/Glass2Layout.tsx(14,67): error TS6133: 'config' is declared but its value is never read.
ui/hud/layouts/Glass3Layout.tsx(5,10): error TS6133: 'HUD_TOP_HEIGHT' is declared but its value is never read.
ui/hud/layouts/Glass3Layout.tsx(5,26): error TS6133: 'HUD_BOTTOM_HEIGHT' is declared but its value is never read.
ui/hud/layouts/Glass3Layout.tsx(14,67): error TS6133: 'config' is declared but its value is never read.
ui/hud/layouts/Glass3Layout.tsx(70,47): error TS6133: 'i' is declared but its value is never read.
ui/hud/layouts/Glass4Layout.tsx(5,10): error TS6133: 'HUD_TOP_HEIGHT' is declared but its value is never read.
ui/hud/layouts/Glass4Layout.tsx(5,26): error TS6133: 'HUD_BOTTOM_HEIGHT' is declared but its value is never read.
ui/hud/layouts/Glass4Layout.tsx(14,67): error TS6133: 'config' is declared but its value is never read.
ui/hud/layouts/Glass5Layout.tsx(5,10): error TS6133: 'HUD_TOP_HEIGHT' is declared but its value is never read.
ui/hud/layouts/Glass5Layout.tsx(5,26): error TS6133: 'HUD_BOTTOM_HEIGHT' is declared but its value is never read.
ui/hud/layouts/Glass5Layout.tsx(14,67): error TS6133: 'config' is declared but its value is never read.
ui/hud/layouts/Glass6Layout.tsx(5,10): error TS6133: 'HUD_TOP_HEIGHT' is declared but its value is never read.
ui/hud/layouts/Glass6Layout.tsx(5,26): error TS6133: 'HUD_BOTTOM_HEIGHT' is declared but its value is never read.
ui/hud/layouts/Glass6Layout.tsx(14,67): error TS6133: 'config' is declared but its value is never read.
ui/hud/layouts/Glass7Layout.tsx(14,67): error TS6133: 'config' is declared but its value is never read.
ui/hud/layouts/Glass7Layout.tsx(69,51): error TS6133: 'i' is declared but its value is never read.
ui/hud/layouts/GlassLayout.tsx(14,65): error TS6133: 'config' is declared but its value is never read.
ui/hud/layouts/Holo2Layout.tsx(14,65): error TS6133: 'config' is declared but its value is never read.
ui/hud/layouts/Holo2Layout.tsx(15,9): error TS6133: 'BLUE_HOLO' is declared but its value is never read.
ui/hud/layouts/Holo2Layout.tsx(16,9): error TS6133: 'BLUE_DIM' is declared but its value is never read.
ui/hud/layouts/Holo2Layout.tsx(104,55): error TS6133: 'i' is declared but its value is never read.
ui/hud/layouts/Holo3Layout.tsx(4,10): error TS6133: 'HUD_TOP_HEIGHT' is declared but its value is never read.
ui/hud/layouts/Holo3Layout.tsx(4,26): error TS6133: 'HUD_BOTTOM_HEIGHT' is declared but its value is never read.
ui/hud/layouts/Holo3Layout.tsx(13,65): error TS6133: 'config' is declared but its value is never read.
ui/hud/layouts/Holo4Layout.tsx(4,10): error TS6133: 'HUD_TOP_HEIGHT' is declared but its value is never read.
ui/hud/layouts/Holo4Layout.tsx(4,26): error TS6133: 'HUD_BOTTOM_HEIGHT' is declared but its value is never read.
ui/hud/layouts/Holo4Layout.tsx(13,65): error TS6133: 'config' is declared but its value is never read.
ui/hud/layouts/Holo4Layout.tsx(55,51): error TS6133: 'i' is declared but its value is never read.
ui/hud/layouts/Holo5Layout.tsx(4,10): error TS6133: 'HUD_TOP_HEIGHT' is declared but its value is never read.
ui/hud/layouts/Holo5Layout.tsx(4,26): error TS6133: 'HUD_BOTTOM_HEIGHT' is declared but its value is never read.
ui/hud/layouts/Holo5Layout.tsx(13,65): error TS6133: 'config' is declared but its value is never read.
ui/hud/layouts/Holo5Layout.tsx(45,47): error TS6133: 'i' is declared but its value is never read.
ui/hud/layouts/Holo6Layout.tsx(4,10): error TS6133: 'HUD_TOP_HEIGHT' is declared but its value is never read.
ui/hud/layouts/Holo6Layout.tsx(4,26): error TS6133: 'HUD_BOTTOM_HEIGHT' is declared but its value is never read.
ui/hud/layouts/Holo6Layout.tsx(13,65): error TS6133: 'config' is declared but its value is never read.
ui/hud/layouts/Holo6Layout.tsx(67,51): error TS6133: 'i' is declared but its value is never read.
ui/hud/layouts/Holo7Layout.tsx(13,65): error TS6133: 'config' is declared but its value is never read.
ui/hud/layouts/Holo7Layout.tsx(60,51): error TS6133: 'i' is declared but its value is never read.
ui/hud/layouts/HoloLayout.tsx(5,10): error TS6133: 'HUD_TOP_HEIGHT' is declared but its value is never read.
ui/hud/layouts/HoloLayout.tsx(14,63): error TS6133: 'config' is declared but its value is never read.
ui/hud/layouts/HoloLayout.tsx(15,9): error TS6133: 'style' is declared but its value is never read.
ui/hud/layouts/Mech2Layout.tsx(5,10): error TS6133: 'HUD_TOP_HEIGHT' is declared but its value is never read.
ui/hud/layouts/Mech2Layout.tsx(5,26): error TS6133: 'HUD_BOTTOM_HEIGHT' is declared but its value is never read.
ui/hud/layouts/Mech2Layout.tsx(14,65): error TS6133: 'config' is declared but its value is never read.
ui/hud/layouts/Mech2Layout.tsx(18,45): error TS6133: 'color' is declared but its value is never read.
ui/hud/layouts/Mech3Layout.tsx(4,1): error TS6133: 'HUDTooltip' is declared but its value is never read.
ui/hud/layouts/Mech3Layout.tsx(5,10): error TS6133: 'HUD_TOP_HEIGHT' is declared but its value is never read.
ui/hud/layouts/Mech3Layout.tsx(5,26): error TS6133: 'HUD_BOTTOM_HEIGHT' is declared but its value is never read.
ui/hud/layouts/Mech3Layout.tsx(14,65): error TS6133: 'config' is declared but its value is never read.
ui/hud/layouts/Mech3Layout.tsx(16,9): error TS6133: 'HUD_DIM' is declared but its value is never read.
ui/hud/layouts/Mech4Layout.tsx(5,10): error TS6133: 'HUD_TOP_HEIGHT' is declared but its value is never read.
ui/hud/layouts/Mech4Layout.tsx(5,26): error TS6133: 'HUD_BOTTOM_HEIGHT' is declared but its value is never read.
ui/hud/layouts/Mech4Layout.tsx(14,65): error TS6133: 'config' is declared but its value is never read.
ui/hud/layouts/Mech4Layout.tsx(68,51): error TS6133: 'i' is declared but its value is never read.
ui/hud/layouts/Mech5Layout.tsx(5,10): error TS6133: 'HUD_TOP_HEIGHT' is declared but its value is never read.
ui/hud/layouts/Mech5Layout.tsx(5,26): error TS6133: 'HUD_BOTTOM_HEIGHT' is declared but its value is never read.
ui/hud/layouts/Mech5Layout.tsx(14,65): error TS6133: 'config' is declared but its value is never read.
ui/hud/layouts/Mech6Layout.tsx(5,10): error TS6133: 'HUD_TOP_HEIGHT' is declared but its value is never read.
ui/hud/layouts/Mech6Layout.tsx(14,65): error TS6133: 'config' is declared but its value is never read.
ui/hud/layouts/Mech7Layout.tsx(14,65): error TS6133: 'config' is declared but its value is never read.
ui/hud/layouts/Mech7Layout.tsx(84,51): error TS6133: 'i' is declared but its value is never read.
ui/hud/layouts/MechLayout.tsx(17,9): error TS6133: 'AMBER_DIM' is declared but its value is never read.
ui/hud/layouts/MechLayout.tsx(18,9): error TS6133: 'METAL_DARK' is declared but its value is never read.
ui/hud/layouts/Minimal2Layout.tsx(14,71): error TS6133: 'config' is declared but its value is never read.
ui/hud/layouts/Minimal3Layout.tsx(5,10): error TS6133: 'HUD_TOP_HEIGHT' is declared but its value is never read.
ui/hud/layouts/Minimal3Layout.tsx(5,26): error TS6133: 'HUD_BOTTOM_HEIGHT' is declared but its value is never read.
ui/hud/layouts/Minimal3Layout.tsx(14,71): error TS6133: 'config' is declared but its value is never read.
ui/hud/layouts/Minimal3Layout.tsx(63,51): error TS6133: 'i' is declared but its value is never read.
ui/hud/layouts/Minimal4Layout.tsx(13,71): error TS6133: 'config' is declared but its value is never read.
ui/hud/layouts/Minimal4Layout.tsx(56,47): error TS6133: 'i' is declared but its value is never read.
ui/hud/layouts/Minimal5Layout.tsx(4,10): error TS6133: 'HUD_TOP_HEIGHT' is declared but its value is never read.
ui/hud/layouts/Minimal5Layout.tsx(4,26): error TS6133: 'HUD_BOTTOM_HEIGHT' is declared but its value is never read.
ui/hud/layouts/Minimal5Layout.tsx(13,71): error TS6133: 'config' is declared but its value is never read.
ui/hud/layouts/Minimal5Layout.tsx(37,47): error TS6133: 'i' is declared but its value is never read.
ui/hud/layouts/Minimal6Layout.tsx(4,1): error TS6133: 'HUDTooltip' is declared but its value is never read.
ui/hud/layouts/Minimal6Layout.tsx(14,71): error TS6133: 'config' is declared but its value is never read.
ui/hud/layouts/Minimal7Layout.tsx(4,26): error TS6133: 'HUD_BOTTOM_HEIGHT' is declared but its value is never read.
ui/hud/layouts/Minimal7Layout.tsx(13,71): error TS6133: 'config' is declared but its value is never read.
ui/hud/layouts/MinimalLayout.tsx(13,69): error TS6133: 'config' is declared but its value is never read.
ui/hud/layouts/Retro2Layout.tsx(14,67): error TS6133: 'config' is declared but its value is never read.
ui/hud/layouts/Retro2Layout.tsx(18,9): error TS6133: 'VectorLine' is declared but its value is never read.
ui/hud/layouts/Retro2Layout.tsx(114,51): error TS6133: 'i' is declared but its value is never read.
ui/hud/layouts/Retro3Layout.tsx(4,10): error TS6133: 'HUD_TOP_HEIGHT' is declared but its value is never read.
ui/hud/layouts/Retro3Layout.tsx(4,26): error TS6133: 'HUD_BOTTOM_HEIGHT' is declared but its value is never read.
ui/hud/layouts/Retro3Layout.tsx(13,67): error TS6133: 'config' is declared but its value is never read.
ui/hud/layouts/Retro3Layout.tsx(16,9): error TS6133: 'GB_1' is declared but its value is never read.
ui/hud/layouts/Retro3Layout.tsx(17,9): error TS6133: 'GB_2' is declared but its value is never read.
ui/hud/layouts/Retro3Layout.tsx(18,9): error TS6133: 'GB_3' is declared but its value is never read.
ui/hud/layouts/Retro4Layout.tsx(4,10): error TS6133: 'HUD_TOP_HEIGHT' is declared but its value is never read.
ui/hud/layouts/Retro4Layout.tsx(4,26): error TS6133: 'HUD_BOTTOM_HEIGHT' is declared but its value is never read.
ui/hud/layouts/Retro4Layout.tsx(13,67): error TS6133: 'config' is declared but its value is never read.
ui/hud/layouts/Retro4Layout.tsx(50,51): error TS6133: 'i' is declared but its value is never read.
ui/hud/layouts/Retro5Layout.tsx(4,10): error TS6133: 'HUD_TOP_HEIGHT' is declared but its value is never read.
ui/hud/layouts/Retro5Layout.tsx(4,26): error TS6133: 'HUD_BOTTOM_HEIGHT' is declared but its value is never read.
ui/hud/layouts/Retro5Layout.tsx(13,67): error TS6133: 'config' is declared but its value is never read.
ui/hud/layouts/Retro6Layout.tsx(4,10): error TS6133: 'HUD_TOP_HEIGHT' is declared but its value is never read.
ui/hud/layouts/Retro6Layout.tsx(4,26): error TS6133: 'HUD_BOTTOM_HEIGHT' is declared but its value is never read.
ui/hud/layouts/Retro6Layout.tsx(13,67): error TS6133: 'config' is declared but its value is never read.
ui/hud/layouts/Retro6Layout.tsx(70,51): error TS6133: 'i' is declared but its value is never read.
ui/hud/layouts/Retro7Layout.tsx(13,67): error TS6133: 'config' is declared but its value is never read.
ui/hud/layouts/RetroLayout.tsx(4,10): error TS6133: 'HUDNumber' is declared but its value is never read.
ui/hud/layouts/RetroLayout.tsx(17,9): error TS6133: 'C_DIM' is declared but its value is never read.
ui/hud/layouts/RetroLayout.tsx(18,9): error TS6133: 'C_BG' is declared but its value is never read.
ui/hud/layouts/RPG2Layout.tsx(5,10): error TS6133: 'HUD_TOP_HEIGHT' is declared but its value is never read.
ui/hud/layouts/RPG2Layout.tsx(5,26): error TS6133: 'HUD_BOTTOM_HEIGHT' is declared but its value is never read.
ui/hud/layouts/RPG2Layout.tsx(14,63): error TS6133: 'config' is declared but its value is never read.
ui/hud/layouts/RPG2Layout.tsx(152,61): error TS6133: 'i' is declared but its value is never read.
ui/hud/layouts/RPG3Layout.tsx(4,1): error TS6133: 'HUDTooltip' is declared but its value is never read.
ui/hud/layouts/RPG3Layout.tsx(5,10): error TS6133: 'HUD_TOP_HEIGHT' is declared but its value is never read.
ui/hud/layouts/RPG3Layout.tsx(5,26): error TS6133: 'HUD_BOTTOM_HEIGHT' is declared but its value is never read.
ui/hud/layouts/RPG3Layout.tsx(14,63): error TS6133: 'config' is declared but its value is never read.
ui/hud/layouts/RPG3Layout.tsx(82,66): error TS6133: 'i' is declared but its value is never read.
ui/hud/layouts/RPG4Layout.tsx(5,10): error TS6133: 'HUD_TOP_HEIGHT' is declared but its value is never read.
ui/hud/layouts/RPG4Layout.tsx(5,26): error TS6133: 'HUD_BOTTOM_HEIGHT' is declared but its value is never read.
ui/hud/layouts/RPG4Layout.tsx(14,63): error TS6133: 'config' is declared but its value is never read.
ui/hud/layouts/RPG5Layout.tsx(5,10): error TS6133: 'HUD_TOP_HEIGHT' is declared but its value is never read.
ui/hud/layouts/RPG5Layout.tsx(5,26): error TS6133: 'HUD_BOTTOM_HEIGHT' is declared but its value is never read.
ui/hud/layouts/RPG5Layout.tsx(14,63): error TS6133: 'config' is declared but its value is never read.
ui/hud/layouts/RPG5Layout.tsx(71,55): error TS6133: 'i' is declared but its value is never read.
ui/hud/layouts/RPG6Layout.tsx(5,10): error TS6133: 'HUD_TOP_HEIGHT' is declared but its value is never read.
ui/hud/layouts/RPG6Layout.tsx(5,26): error TS6133: 'HUD_BOTTOM_HEIGHT' is declared but its value is never read.
ui/hud/layouts/RPG6Layout.tsx(14,63): error TS6133: 'config' is declared but its value is never read.
ui/hud/layouts/RPG6Layout.tsx(78,51): error TS6133: 'i' is declared but its value is never read.
ui/hud/layouts/RPG7Layout.tsx(14,63): error TS6133: 'config' is declared but its value is never read.
ui/hud/layouts/RPG7Layout.tsx(82,51): error TS6133: 'i' is declared but its value is never read.
ui/hud/layouts/RPGLayout.tsx(4,10): error TS6133: 'HUDNumber' is declared but its value is never read.
ui/screens/GameOverScreen.tsx(3,1): error TS6133: 'audio' is declared but its value is never read.
upgrades/factories.ts(5,45): error TS6133: 'WEAPON_GROWTH_CONFIG' is declared but its value is never read.
upgrades/factories.ts(10,7): error TS6133: 'formatFlat' is declared but its value is never read.
upgrades/factories.ts(13,67): error TS6133: 'rarityMod' is declared but its value is never read.
utils/audio.ts(738,23): error TS6133: 'level' is declared but its value is never read.
vite.config.ts(4,18): error TS2307: Cannot find module 'path' or its corresponding type declarations.
vite.config.ts(5,31): error TS2307: Cannot find module 'url' or its corresponding type declarations.
